
> @tinkermonkey/heimdall-ui@0.7.0 test
> playwright test

[1A[2K[WebServer] 
[WebServer]   [32m[1mVITE[22m v5.4.21[39m  [2mready in [0m[1m331[22m[2m[0m ms[22m
[WebServer] 

[1A[2K[WebServer]   [32m➜[39m  [1mLocal[22m:   [36mhttp://127.0.0.1:[1m5173[22m/[39m


Running 893 tests using 1 worker

[1A[2K[1/893] [chromium] › tests/avatar.spec.ts:12:3 › Avatar Component › Avatar renders with initials for various names
[1A[2K[2/893] [chromium] › tests/avatar.spec.ts:18:3 › Avatar Component › Avatar supports all sizes
[1A[2K[3/893] [chromium] › tests/avatar.spec.ts:25:3 › Avatar Component › Avatar supports different shapes (circle and rounded)
[1A[2K[4/893] [chromium] › tests/avatar.spec.ts:33:3 › Avatar Component › Avatar produces deterministic colors for same name
[1A[2K[5/893] [chromium] › tests/avatar.spec.ts:54:3 › Avatar Component › Avatar produces different colors for different names
[1A[2K[6/893] [chromium] › tests/avatar.spec.ts:76:3 › Avatar Component › Avatar image is displayed when src is provided
[1A[2K[7/893] [chromium] › tests/avatar.spec.ts:84:3 › Avatar Component › Avatar falls back to initials when image fails
[1A[2K[8/893] [chromium] › tests/avatar.spec.ts:103:3 › Avatar Component › Avatar displays status indicator when provided
[1A[2K[9/893] [chromium] › tests/avatar.spec.ts:111:3 › Avatar Component › Avatar respects color override prop
[1A[2K[10/893] [chromium] › tests/avatar.spec.ts:139:3 › Avatar Component › Avatar renders with accessibility attributes
[1A[2K[11/893] [chromium] › tests/avatar.spec.ts:147:3 › Avatar Component › Avatar sets aria-hidden for decorative mode
[1A[2K[12/893] [chromium] › tests/calendar.spec.ts:14:3 › Calendar Components › month view light canvas snapshot
[1A[2K[13/893] [chromium] › tests/calendar.spec.ts:23:3 › Calendar Components › month view dark canvas snapshot
[1A[2K[14/893] [chromium] › tests/calendar.spec.ts:32:3 › Calendar Components › week view light canvas snapshot
[1A[2K[15/893] [chromium] › tests/calendar.spec.ts:40:3 › Calendar Components › week view dark canvas snapshot
[1A[2K[16/893] [chromium] › tests/calendar.spec.ts:49:3 › Calendar Components › day view light canvas snapshot
[1A[2K[17/893] [chromium] › tests/calendar.spec.ts:57:3 › Calendar Components › day view dark canvas snapshot
[1A[2K[18/893] [chromium] › tests/calendar.spec.ts:66:3 › Calendar Components › agenda view light canvas snapshot
[1A[2K[19/893] [chromium] › tests/calendar.spec.ts:74:3 › Calendar Components › agenda view dark canvas snapshot
[1A[2K[20/893] [chromium] › tests/calendar.spec.ts:83:3 › Calendar Components › keyboard navigation in month view
[1A[2K[21/893] [chromium] › tests/calendar.spec.ts:103:3 › Calendar Components › event selection in month view
[1A[2K[22/893] [chromium] › tests/calendar.spec.ts:120:3 › Calendar Components › date selection changes focused date
[1A[2K[23/893] [chromium] › tests/calendar.spec.ts:140:3 › Calendar Components › mini calendar selection
[1A[2K[24/893] [chromium] › tests/calendar.spec.ts:160:3 › Calendar Components › keyboard navigation pgup/pgdn in month view
[1A[2K[25/893] [chromium] › tests/calendar.spec.ts:183:3 › Calendar Components › today navigation button
[1A[2K[26/893] [chromium] › tests/calendar.spec.ts:205:3 › Calendar Components › accessibility attributes in month view
